// Jest Snapshot v1, https://goo.gl/fbAQLP

exports[`loader issue #1033 (2): errors 1`] = `Array []`;

exports[`loader issue #1033 (2): module 1`] = `
"// Imports
import ___CSS_LOADER_API_IMPORT___ from \\"../../../../src/runtime/api.js\\";
var ___CSS_LOADER_EXPORT___ = ___CSS_LOADER_API_IMPORT___(false);
// Module
___CSS_LOADER_EXPORT___.push([module.id, \\"\\", \\"\\"]);
// Exports
export default ___CSS_LOADER_EXPORT___;
"
`;

exports[`loader issue #1033 (2): result 1`] = `
Array [
  Array [
    "./modules/issue-1033/issue-1033.css",
    "",
    "",
  ],
]
`;

exports[`loader issue #1033 (2): warnings 1`] = `Array []`;

exports[`loader issue #1033: errors 1`] = `Array []`;

exports[`loader issue #1033: module 1`] = `
"// Exports
export default {

};
"
`;

exports[`loader issue #1033: result 1`] = `Object {}`;

exports[`loader issue #1033: warnings 1`] = `Array []`;

exports[`loader should reuse \`ast\` from "postcss-loader": errors 1`] = `Array []`;

exports[`loader should reuse \`ast\` from "postcss-loader": module 1`] = `
"// Imports
import ___CSS_LOADER_API_IMPORT___ from \\"../../../src/runtime/api.js\\";
import ___CSS_LOADER_GET_URL_IMPORT___ from \\"../../../src/runtime/getUrl.js\\";
import ___CSS_LOADER_URL_IMPORT_0___ from \\"./img1x.png\\";
import ___CSS_LOADER_URL_IMPORT_1___ from \\"./img2x.png\\";
var ___CSS_LOADER_EXPORT___ = ___CSS_LOADER_API_IMPORT___(false);
var ___CSS_LOADER_URL_REPLACEMENT_0___ = ___CSS_LOADER_GET_URL_IMPORT___(___CSS_LOADER_URL_IMPORT_0___);
var ___CSS_LOADER_URL_REPLACEMENT_1___ = ___CSS_LOADER_GET_URL_IMPORT___(___CSS_LOADER_URL_IMPORT_1___);
// Module
___CSS_LOADER_EXPORT___.push([module.id, \\"::-moz-placeholder {\\\\n    color: gray;\\\\n}\\\\n\\\\n:-ms-input-placeholder {\\\\n    color: gray;\\\\n}\\\\n\\\\n::placeholder {\\\\n    color: gray;\\\\n}\\\\n\\\\n.image {\\\\n    background-image: url(\\" + ___CSS_LOADER_URL_REPLACEMENT_0___ + \\");\\\\n}\\\\n\\\\n@media (-webkit-min-device-pixel-ratio: 2), (min-resolution: 2dppx) {\\\\n    .image {\\\\n        background-image: url(\\" + ___CSS_LOADER_URL_REPLACEMENT_1___ + \\");\\\\n    }\\\\n}\\", \\"\\"]);
// Exports
export default ___CSS_LOADER_EXPORT___;
"
`;

exports[`loader should reuse \`ast\` from "postcss-loader": result 1`] = `
Array [
  Array [
    "./autoprefixer/autoprefixer.css",
    "::-moz-placeholder {
    color: gray;
}

:-ms-input-placeholder {
    color: gray;
}

::placeholder {
    color: gray;
}

.image {
    background-image: url(/webpack/public/path/img1x.png);
}

@media (-webkit-min-device-pixel-ratio: 2), (min-resolution: 2dppx) {
    .image {
        background-image: url(/webpack/public/path/img2x.png);
    }
}",
    "",
  ],
]
`;

exports[`loader should reuse \`ast\` from "postcss-loader": warnings 1`] = `Array []`;

exports[`loader should throw an error on invisible spaces: errors 1`] = `
Array [
  "ModuleBuildError: Module build failed (from \`replaced original path\`):
CssSyntaxError

(1:8) Unknown word

> 1 | a { â€¨â€© color: red; â€¨â€© }
    |        ^
",
]
`;

exports[`loader should throw an error on invisible spaces: warnings 1`] = `Array []`;

exports[`loader should throw error on invalid css syntax: errors 1`] = `
Array [
  "ModuleBuildError: Module build failed (from \`replaced original path\`):
CssSyntaxError

(2:3) Unknown word

  1 | .some {
> 2 |   invalid css;
    |   ^
  3 | }
  4 | 
",
]
`;

exports[`loader should throw error on invalid css syntax: warnings 1`] = `Array []`;

exports[`loader should throws error when no loader(s) for assets: errors 1`] = `
Array [
  "ModuleParseError: Module parse failed: Unexpected character 'ï¿½' (1:0)
You may need an appropriate loader to handle this file type, currently no loaders are configured to process this file. See https://webpack.js.org/concepts#loaders
(Source code omitted for this binary file)",
]
`;

exports[`loader should throws error when no loader(s) for assets: warnings 1`] = `Array []`;

exports[`loader should work with "asset" module type: errors 1`] = `Array []`;

exports[`loader should work with "asset" module type: module 1`] = `
"// Imports
import ___CSS_LOADER_API_IMPORT___ from \\"../../src/runtime/api.js\\";
import ___CSS_LOADER_AT_RULE_IMPORT_0___ from \\"-!../../src/index.js!./imported.css\\";
import ___CSS_LOADER_GET_URL_IMPORT___ from \\"../../src/runtime/getUrl.js\\";
import ___CSS_LOADER_URL_IMPORT_0___ from \\"./url/img.png\\";
var ___CSS_LOADER_EXPORT___ = ___CSS_LOADER_API_IMPORT___(false);
___CSS_LOADER_EXPORT___.i(___CSS_LOADER_AT_RULE_IMPORT_0___);
var ___CSS_LOADER_URL_REPLACEMENT_0___ = ___CSS_LOADER_GET_URL_IMPORT___(___CSS_LOADER_URL_IMPORT_0___);
// Module
___CSS_LOADER_EXPORT___.push([module.id, \\"@charset \\\\\\"UTF-8\\\\\\";\\\\n\\\\n/* Comment */\\\\n\\\\n.class {\\\\n  color: red;\\\\n  background: url(\\" + ___CSS_LOADER_URL_REPLACEMENT_0___ + \\");\\\\n}\\\\n\\\\n.class-duplicate-url {\\\\n  background: url(\\" + ___CSS_LOADER_URL_REPLACEMENT_0___ + \\");\\\\n}\\\\n\\\\n:root {\\\\n  --foo: 1px;\\\\n  --bar: 2px;\\\\n}\\\\n\\\\n.class { a: b c d; }\\\\n\\\\n.two {}\\\\n\\\\n.u-m\\\\\\\\+ { a: b c d; }\\\\n\\\\n.class { content: \\\\\\"\\\\\\\\F10C\\\\\\" }\\\\n\\\\n@media only screen and (max-width: 600px) {\\\\n  body {\\\\n    background-color: lightblue;\\\\n  }\\\\n}\\\\n\\\\n.class {\\\\n  content: \\\\\\"\\\\\\\\2193\\\\\\";\\\\n  content: \\\\\\"\\\\\\\\2193\\\\\\\\2193\\\\\\";\\\\n  content: \\\\\\"\\\\\\\\2193 \\\\\\\\2193\\\\\\";\\\\n  content: \\\\\\"\\\\\\\\2193\\\\\\\\2193\\\\\\\\2193\\\\\\";\\\\n  content: \\\\\\"\\\\\\\\2193 \\\\\\\\2193 \\\\\\\\2193\\\\\\";\\\\n}\\\\n\\\\n.-top {}\\\\n.\\\\\\\\-top {}\\\\n\\\\n#\\\\\\\\#test {}\\\\n\\\\n.grid {\\\\n  display: flex;\\\\n  flex-wrap: wrap;\\\\n}\\\\n.grid.\\\\\\\\-top {\\\\n  align-items: flex-start;\\\\n}\\\\n.grid.-top {\\\\n  align-items: flex-start;\\\\n}\\\\n.grid.\\\\\\\\-middle {\\\\n  align-items: center;\\\\n}\\\\n.grid.\\\\\\\\-bottom {\\\\n  align-items: flex-end;\\\\n}\\\\n\\\\n.u-m\\\\\\\\00002b {}\\\\n\\\\n.u-m00002b {}\\\\n\\\\n#u-m\\\\\\\\+ {}\\\\n\\\\nbody {\\\\n  font-family: 'å¾®è½¯é›…é»‘'; /* some chinese font name */\\\\n}\\\\n\\\\n.myStyle {\\\\n  content: '\\\\\\\\e901';\\\\n}\\\\n\\\\n.myStyle {\\\\n  content: '\\\\\\\\E901';\\\\n}\\\\n\\\\n.â™« {}\\\\n\\\\n.\\\\\\\\3A \\\\\\\\\`\\\\\\\\( {} /* matches elements with class=\\\\\\":\`(\\\\\\" */\\\\n.\\\\\\\\31 a2b3c {} /* matches elements with class=\\\\\\"1a2b3c\\\\\\" */\\\\n#\\\\\\\\#fake-id {} /* matches the element with id=\\\\\\"#fake-id\\\\\\" */\\\\n#-a-b-c- {} /* matches the element with id=\\\\\\"-a-b-c-\\\\\\" */\\\\n#Â© {} /* matches the element with id=\\\\\\"Â©\\\\\\" */\\\\n\\\\n:root {\\\\n  --title-align: center;\\\\n  --sr-only: {\\\\n    position: absolute;\\\\n    width: 1px;\\\\n    height: 1px;\\\\n    padding: 0;\\\\n    overflow: hidden;\\\\n    clip: rect(0,0,0,0);\\\\n    white-space: nowrap;\\\\n    clip-path: inset(50%);\\\\n    border: 0;\\\\n  };\\\\n}\\\\n\\\\n.test {\\\\n  content: \\\\\\"\\\\\\\\2014\\\\\\\\A0\\\\\\";\\\\n  content: \\\\\\"\\\\\\\\2014 \\\\\\\\A0\\\\\\";\\\\n  content: \\\\\\"\\\\\\\\A0 \\\\\\\\2014\\\\\\";\\\\n  content: \\\\\\"\\\\\\\\A0\\\\\\\\2014\\\\\\";\\\\n  margin-top: 1px\\\\\\\\9;\\\\n  background-color: #000\\\\\\\\9;\\\\n}\\\\n\\\\n.light.on .bulb:before{\\\\n  content: 'ðŸ’¡';\\\\n}\\\\n\\\\n.base64 {\\\\n  background: url(data:img/jpg;base64,iVBORw0KGgoAAAANSUhEUgAAABgAAAAYCAYAAADgdz34AAAAAXNSR0IArs4c6QAAAhxJREFUSA3tk71rU1EYxnMTEoJUkowWwdJ2akEHBfGjCiIF6ZylVUKSm2TqZLGI+A/oIu2UXm8C4lAyF4SWji0tdFLo1Eo7VN0SaBEhH7e/Nz0nPTfGOjiaCyfPc5734zlfCQT6X/8E/vUErL81KBaL9y3LSnued5PcITjUOwR3gsFg2bbtjYt6/NGgXC4P1et1l2aPLmpAbD0SidjpdPqgV15PA9d17zQajU8UxHQRK/4G35Q5pveAK8LlI1ZjPMnlcltnyvnvbwaO41xvtVqy7YHztMACq5xnlb9EY3dRdvcGo1kj5wR+t1AofDG0gM+A875E8DNjRCexsrV8Pj9ZqVQitVrtqejxePxjMpmss5hVTB4buXvMb2DyU2tBTRS+BjvNlVYUpPl7iuVO3Gq1uoQx1FtSOW1gPgp5ZWrdBtNmUDgv5asgxQ8F1af5vhY0YjyjuWC3wTszKJz7GBOkcFlQfW2ONq4FjWi+Hj6DRCKxQOK2TlY4x92EuYd5dvMAbYIzfikau3pu5tJ8KxaLLfo0cyKci7tK4TZjUMcoXAmHwzle0Q/RaC5P1GFMyVx9R9Fo9HYqlTrSgqDvFelAqVQa5hmuMR/WGtjAaBdjwBoDQ0ZsnwVMZjKZ9n0Zem8DSeDPdrnZbL6F2l3NOvUYNZk4oVDoRTabPe4EDNJzB0ZcjAYxeoZ2i3FNxQ7BHYw/cB/fldaH//UETgHHO8S44KbfXgAAAABJRU5ErkJggg==);\\\\n}\\\\n\\\\na[href=''] {\\\\n  color: red;\\\\n}\\\\n\\\\na[href='' i] {\\\\n  color: red;\\\\n}\\\\n\\\\na[href=\\\\\\"\\\\\\"] {\\\\n  color: blue;\\\\n}\\\\n\\\\na[href=\\\\\\"\\\\\\" i] {\\\\n  color: blue;\\\\n}\\\\n\\", \\"\\"]);
// Exports
export default ___CSS_LOADER_EXPORT___;
"
`;

exports[`loader should work with "asset" module type: result 1`] = `
Array [
  Array [
    "../../src/index.js!./imported.css",
    ".foo {
  color: red;
}
",
    "",
  ],
  Array [
    "./basic.css",
    "@charset \\"UTF-8\\";

/* Comment */

.class {
  color: red;
  background: url(/webpack/public/path/img.png);
}

.class-duplicate-url {
  background: url(/webpack/public/path/img.png);
}

:root {
  --foo: 1px;
  --bar: 2px;
}

.class { a: b c d; }

.two {}

.u-m\\\\+ { a: b c d; }

.class { content: \\"\\\\F10C\\" }

@media only screen and (max-width: 600px) {
  body {
    background-color: lightblue;
  }
}

.class {
  content: \\"\\\\2193\\";
  content: \\"\\\\2193\\\\2193\\";
  content: \\"\\\\2193 \\\\2193\\";
  content: \\"\\\\2193\\\\2193\\\\2193\\";
  content: \\"\\\\2193 \\\\2193 \\\\2193\\";
}

.-top {}
.\\\\-top {}

#\\\\#test {}

.grid {
  display: flex;
  flex-wrap: wrap;
}
.grid.\\\\-top {
  align-items: flex-start;
}
.grid.-top {
  align-items: flex-start;
}
.grid.\\\\-middle {
  align-items: center;
}
.grid.\\\\-bottom {
  align-items: flex-end;
}

.u-m\\\\00002b {}

.u-m00002b {}

#u-m\\\\+ {}

body {
  font-family: 'å¾®è½¯é›…é»‘'; /* some chinese font name */
}

.myStyle {
  content: '\\\\e901';
}

.myStyle {
  content: '\\\\E901';
}

.â™« {}

.\\\\3A \\\\\`\\\\( {} /* matches elements with class=\\":\`(\\" */
.\\\\31 a2b3c {} /* matches elements with class=\\"1a2b3c\\" */
#\\\\#fake-id {} /* matches the element with id=\\"#fake-id\\" */
#-a-b-c- {} /* matches the element with id=\\"-a-b-c-\\" */
#Â© {} /* matches the element with id=\\"Â©\\" */

:root {
  --title-align: center;
  --sr-only: {
    position: absolute;
    width: 1px;
    height: 1px;
    padding: 0;
    overflow: hidden;
    clip: rect(0,0,0,0);
    white-space: nowrap;
    clip-path: inset(50%);
    border: 0;
  };
}

.test {
  content: \\"\\\\2014\\\\A0\\";
  content: \\"\\\\2014 \\\\A0\\";
  content: \\"\\\\A0 \\\\2014\\";
  content: \\"\\\\A0\\\\2014\\";
  margin-top: 1px\\\\9;
  background-color: #000\\\\9;
}

.light.on .bulb:before{
  content: 'ðŸ’¡';
}

.base64 {
  background: url(data:img/jpg;base64,iVBORw0KGgoAAAANSUhEUgAAABgAAAAYCAYAAADgdz34AAAAAXNSR0IArs4c6QAAAhxJREFUSA3tk71rU1EYxnMTEoJUkowWwdJ2akEHBfGjCiIF6ZylVUKSm2TqZLGI+A/oIu2UXm8C4lAyF4SWji0tdFLo1Eo7VN0SaBEhH7e/Nz0nPTfGOjiaCyfPc5734zlfCQT6X/8E/vUErL81KBaL9y3LSnued5PcITjUOwR3gsFg2bbtjYt6/NGgXC4P1et1l2aPLmpAbD0SidjpdPqgV15PA9d17zQajU8UxHQRK/4G35Q5pveAK8LlI1ZjPMnlcltnyvnvbwaO41xvtVqy7YHztMACq5xnlb9EY3dRdvcGo1kj5wR+t1AofDG0gM+A875E8DNjRCexsrV8Pj9ZqVQitVrtqejxePxjMpmss5hVTB4buXvMb2DyU2tBTRS+BjvNlVYUpPl7iuVO3Gq1uoQx1FtSOW1gPgp5ZWrdBtNmUDgv5asgxQ8F1af5vhY0YjyjuWC3wTszKJz7GBOkcFlQfW2ONq4FjWi+Hj6DRCKxQOK2TlY4x92EuYd5dvMAbYIzfikau3pu5tJ8KxaLLfo0cyKci7tK4TZjUMcoXAmHwzle0Q/RaC5P1GFMyVx9R9Fo9HYqlTrSgqDvFelAqVQa5hmuMR/WGtjAaBdjwBoDQ0ZsnwVMZjKZ9n0Zem8DSeDPdrnZbL6F2l3NOvUYNZk4oVDoRTabPe4EDNJzB0ZcjAYxeoZ2i3FNxQ7BHYw/cB/fldaH//UETgHHO8S44KbfXgAAAABJRU5ErkJggg==);
}

a[href=''] {
  color: red;
}

a[href='' i] {
  color: red;
}

a[href=\\"\\"] {
  color: blue;
}

a[href=\\"\\" i] {
  color: blue;
}
",
    "",
  ],
]
`;

exports[`loader should work with "asset" module type: warnings 1`] = `Array []`;

exports[`loader should work with "sass-loader": errors 1`] = `Array []`;

exports[`loader should work with "sass-loader": module 1`] = `
"// Imports
import ___CSS_LOADER_API_IMPORT___ from \\"../../../src/runtime/api.js\\";
var ___CSS_LOADER_EXPORT___ = ___CSS_LOADER_API_IMPORT___(false);
// Module
___CSS_LOADER_EXPORT___.push([module.id, \\"body {\\\\n  font: 100% Helvetica, sans-serif;\\\\n  color: #333;\\\\n}\\", \\"\\"]);
// Exports
export default ___CSS_LOADER_EXPORT___;
"
`;

exports[`loader should work with "sass-loader": result 1`] = `
Array [
  Array [
    "./scss/source.scss",
    "body {
  font: 100% Helvetica, sans-serif;
  color: #333;
}",
    "",
  ],
]
`;

exports[`loader should work with "sass-loader": warnings 1`] = `Array []`;

exports[`loader should work with ModuleConcatenationPlugin (file-loader): errors 1`] = `Array []`;

exports[`loader should work with ModuleConcatenationPlugin (file-loader): warnings 1`] = `Array []`;

exports[`loader should work with ModuleConcatenationPlugin (url-loader): errors 1`] = `Array []`;

exports[`loader should work with ModuleConcatenationPlugin (url-loader): warnings 1`] = `Array []`;

exports[`loader should work with ModuleConcatenationPlugin: errors 1`] = `Array []`;

exports[`loader should work with ModuleConcatenationPlugin: warnings 1`] = `Array []`;

exports[`loader should work with empty css: errors 1`] = `Array []`;

exports[`loader should work with empty css: module 1`] = `
"// Imports
import ___CSS_LOADER_API_IMPORT___ from \\"../../src/runtime/api.js\\";
var ___CSS_LOADER_EXPORT___ = ___CSS_LOADER_API_IMPORT___(false);
// Module
___CSS_LOADER_EXPORT___.push([module.id, \\"\\", \\"\\"]);
// Exports
export default ___CSS_LOADER_EXPORT___;
"
`;

exports[`loader should work with empty css: result 1`] = `
Array [
  Array [
    "./empty.css",
    "",
    "",
  ],
]
`;

exports[`loader should work with empty css: warnings 1`] = `Array []`;

exports[`loader should work with empty options: errors 1`] = `Array []`;

exports[`loader should work with empty options: module 1`] = `
"// Imports
import ___CSS_LOADER_API_IMPORT___ from \\"../../src/runtime/api.js\\";
import ___CSS_LOADER_AT_RULE_IMPORT_0___ from \\"-!../../src/index.js??[ident]!./imported.css\\";
import ___CSS_LOADER_GET_URL_IMPORT___ from \\"../../src/runtime/getUrl.js\\";
import ___CSS_LOADER_URL_IMPORT_0___ from \\"./url/img.png\\";
var ___CSS_LOADER_EXPORT___ = ___CSS_LOADER_API_IMPORT___(false);
___CSS_LOADER_EXPORT___.i(___CSS_LOADER_AT_RULE_IMPORT_0___);
var ___CSS_LOADER_URL_REPLACEMENT_0___ = ___CSS_LOADER_GET_URL_IMPORT___(___CSS_LOADER_URL_IMPORT_0___);
// Module
___CSS_LOADER_EXPORT___.push([module.id, \\"@charset \\\\\\"UTF-8\\\\\\";\\\\n\\\\n/* Comment */\\\\n\\\\n.class {\\\\n  color: red;\\\\n  background: url(\\" + ___CSS_LOADER_URL_REPLACEMENT_0___ + \\");\\\\n}\\\\n\\\\n.class-duplicate-url {\\\\n  background: url(\\" + ___CSS_LOADER_URL_REPLACEMENT_0___ + \\");\\\\n}\\\\n\\\\n:root {\\\\n  --foo: 1px;\\\\n  --bar: 2px;\\\\n}\\\\n\\\\n.class { a: b c d; }\\\\n\\\\n.two {}\\\\n\\\\n.u-m\\\\\\\\+ { a: b c d; }\\\\n\\\\n.class { content: \\\\\\"\\\\\\\\F10C\\\\\\" }\\\\n\\\\n@media only screen and (max-width: 600px) {\\\\n  body {\\\\n    background-color: lightblue;\\\\n  }\\\\n}\\\\n\\\\n.class {\\\\n  content: \\\\\\"\\\\\\\\2193\\\\\\";\\\\n  content: \\\\\\"\\\\\\\\2193\\\\\\\\2193\\\\\\";\\\\n  content: \\\\\\"\\\\\\\\2193 \\\\\\\\2193\\\\\\";\\\\n  content: \\\\\\"\\\\\\\\2193\\\\\\\\2193\\\\\\\\2193\\\\\\";\\\\n  content: \\\\\\"\\\\\\\\2193 \\\\\\\\2193 \\\\\\\\2193\\\\\\";\\\\n}\\\\n\\\\n.-top {}\\\\n.\\\\\\\\-top {}\\\\n\\\\n#\\\\\\\\#test {}\\\\n\\\\n.grid {\\\\n  display: flex;\\\\n  flex-wrap: wrap;\\\\n}\\\\n.grid.\\\\\\\\-top {\\\\n  align-items: flex-start;\\\\n}\\\\n.grid.-top {\\\\n  align-items: flex-start;\\\\n}\\\\n.grid.\\\\\\\\-middle {\\\\n  align-items: center;\\\\n}\\\\n.grid.\\\\\\\\-bottom {\\\\n  align-items: flex-end;\\\\n}\\\\n\\\\n.u-m\\\\\\\\00002b {}\\\\n\\\\n.u-m00002b {}\\\\n\\\\n#u-m\\\\\\\\+ {}\\\\n\\\\nbody {\\\\n  font-family: 'å¾®è½¯é›…é»‘'; /* some chinese font name */\\\\n}\\\\n\\\\n.myStyle {\\\\n  content: '\\\\\\\\e901';\\\\n}\\\\n\\\\n.myStyle {\\\\n  content: '\\\\\\\\E901';\\\\n}\\\\n\\\\n.â™« {}\\\\n\\\\n.\\\\\\\\3A \\\\\\\\\`\\\\\\\\( {} /* matches elements with class=\\\\\\":\`(\\\\\\" */\\\\n.\\\\\\\\31 a2b3c {} /* matches elements with class=\\\\\\"1a2b3c\\\\\\" */\\\\n#\\\\\\\\#fake-id {} /* matches the element with id=\\\\\\"#fake-id\\\\\\" */\\\\n#-a-b-c- {} /* matches the element with id=\\\\\\"-a-b-c-\\\\\\" */\\\\n#Â© {} /* matches the element with id=\\\\\\"Â©\\\\\\" */\\\\n\\\\n:root {\\\\n  --title-align: center;\\\\n  --sr-only: {\\\\n    position: absolute;\\\\n    width: 1px;\\\\n    height: 1px;\\\\n    padding: 0;\\\\n    overflow: hidden;\\\\n    clip: rect(0,0,0,0);\\\\n    white-space: nowrap;\\\\n    clip-path: inset(50%);\\\\n    border: 0;\\\\n  };\\\\n}\\\\n\\\\n.test {\\\\n  content: \\\\\\"\\\\\\\\2014\\\\\\\\A0\\\\\\";\\\\n  content: \\\\\\"\\\\\\\\2014 \\\\\\\\A0\\\\\\";\\\\n  content: \\\\\\"\\\\\\\\A0 \\\\\\\\2014\\\\\\";\\\\n  content: \\\\\\"\\\\\\\\A0\\\\\\\\2014\\\\\\";\\\\n  margin-top: 1px\\\\\\\\9;\\\\n  background-color: #000\\\\\\\\9;\\\\n}\\\\n\\\\n.light.on .bulb:before{\\\\n  content: 'ðŸ’¡';\\\\n}\\\\n\\\\n.base64 {\\\\n  background: url(data:img/jpg;base64,iVBORw0KGgoAAAANSUhEUgAAABgAAAAYCAYAAADgdz34AAAAAXNSR0IArs4c6QAAAhxJREFUSA3tk71rU1EYxnMTEoJUkowWwdJ2akEHBfGjCiIF6ZylVUKSm2TqZLGI+A/oIu2UXm8C4lAyF4SWji0tdFLo1Eo7VN0SaBEhH7e/Nz0nPTfGOjiaCyfPc5734zlfCQT6X/8E/vUErL81KBaL9y3LSnued5PcITjUOwR3gsFg2bbtjYt6/NGgXC4P1et1l2aPLmpAbD0SidjpdPqgV15PA9d17zQajU8UxHQRK/4G35Q5pveAK8LlI1ZjPMnlcltnyvnvbwaO41xvtVqy7YHztMACq5xnlb9EY3dRdvcGo1kj5wR+t1AofDG0gM+A875E8DNjRCexsrV8Pj9ZqVQitVrtqejxePxjMpmss5hVTB4buXvMb2DyU2tBTRS+BjvNlVYUpPl7iuVO3Gq1uoQx1FtSOW1gPgp5ZWrdBtNmUDgv5asgxQ8F1af5vhY0YjyjuWC3wTszKJz7GBOkcFlQfW2ONq4FjWi+Hj6DRCKxQOK2TlY4x92EuYd5dvMAbYIzfikau3pu5tJ8KxaLLfo0cyKci7tK4TZjUMcoXAmHwzle0Q/RaC5P1GFMyVx9R9Fo9HYqlTrSgqDvFelAqVQa5hmuMR/WGtjAaBdjwBoDQ0ZsnwVMZjKZ9n0Zem8DSeDPdrnZbL6F2l3NOvUYNZk4oVDoRTabPe4EDNJzB0ZcjAYxeoZ2i3FNxQ7BHYw/cB/fldaH//UETgHHO8S44KbfXgAAAABJRU5ErkJggg==);\\\\n}\\\\n\\\\na[href=''] {\\\\n  color: red;\\\\n}\\\\n\\\\na[href='' i] {\\\\n  color: red;\\\\n}\\\\n\\\\na[href=\\\\\\"\\\\\\"] {\\\\n  color: blue;\\\\n}\\\\n\\\\na[href=\\\\\\"\\\\\\" i] {\\\\n  color: blue;\\\\n}\\\\n\\", \\"\\"]);
// Exports
export default ___CSS_LOADER_EXPORT___;
"
`;

exports[`loader should work with empty options: result 1`] = `
Array [
  Array [
    "../../src/index.js?[ident]!./imported.css",
    ".foo {
  color: red;
}
",
    "",
  ],
  Array [
    "./basic.css",
    "@charset \\"UTF-8\\";

/* Comment */

.class {
  color: red;
  background: url(/webpack/public/path/img.png);
}

.class-duplicate-url {
  background: url(/webpack/public/path/img.png);
}

:root {
  --foo: 1px;
  --bar: 2px;
}

.class { a: b c d; }

.two {}

.u-m\\\\+ { a: b c d; }

.class { content: \\"\\\\F10C\\" }

@media only screen and (max-width: 600px) {
  body {
    background-color: lightblue;
  }
}

.class {
  content: \\"\\\\2193\\";
  content: \\"\\\\2193\\\\2193\\";
  content: \\"\\\\2193 \\\\2193\\";
  content: \\"\\\\2193\\\\2193\\\\2193\\";
  content: \\"\\\\2193 \\\\2193 \\\\2193\\";
}

.-top {}
.\\\\-top {}

#\\\\#test {}

.grid {
  display: flex;
  flex-wrap: wrap;
}
.grid.\\\\-top {
  align-items: flex-start;
}
.grid.-top {
  align-items: flex-start;
}
.grid.\\\\-middle {
  align-items: center;
}
.grid.\\\\-bottom {
  align-items: flex-end;
}

.u-m\\\\00002b {}

.u-m00002b {}

#u-m\\\\+ {}

body {
  font-family: 'å¾®è½¯é›…é»‘'; /* some chinese font name */
}

.myStyle {
  content: '\\\\e901';
}

.myStyle {
  content: '\\\\E901';
}

.â™« {}

.\\\\3A \\\\\`\\\\( {} /* matches elements with class=\\":\`(\\" */
.\\\\31 a2b3c {} /* matches elements with class=\\"1a2b3c\\" */
#\\\\#fake-id {} /* matches the element with id=\\"#fake-id\\" */
#-a-b-c- {} /* matches the element with id=\\"-a-b-c-\\" */
#Â© {} /* matches the element with id=\\"Â©\\" */

:root {
  --title-align: center;
  --sr-only: {
    position: absolute;
    width: 1px;
    height: 1px;
    padding: 0;
    overflow: hidden;
    clip: rect(0,0,0,0);
    white-space: nowrap;
    clip-path: inset(50%);
    border: 0;
  };
}

.test {
  content: \\"\\\\2014\\\\A0\\";
  content: \\"\\\\2014 \\\\A0\\";
  content: \\"\\\\A0 \\\\2014\\";
  content: \\"\\\\A0\\\\2014\\";
  margin-top: 1px\\\\9;
  background-color: #000\\\\9;
}

.light.on .bulb:before{
  content: 'ðŸ’¡';
}

.base64 {
  background: url(data:img/jpg;base64,iVBORw0KGgoAAAANSUhEUgAAABgAAAAYCAYAAADgdz34AAAAAXNSR0IArs4c6QAAAhxJREFUSA3tk71rU1EYxnMTEoJUkowWwdJ2akEHBfGjCiIF6ZylVUKSm2TqZLGI+A/oIu2UXm8C4lAyF4SWji0tdFLo1Eo7VN0SaBEhH7e/Nz0nPTfGOjiaCyfPc5734zlfCQT6X/8E/vUErL81KBaL9y3LSnued5PcITjUOwR3gsFg2bbtjYt6/NGgXC4P1et1l2aPLmpAbD0SidjpdPqgV15PA9d17zQajU8UxHQRK/4G35Q5pveAK8LlI1ZjPMnlcltnyvnvbwaO41xvtVqy7YHztMACq5xnlb9EY3dRdvcGo1kj5wR+t1AofDG0gM+A875E8DNjRCexsrV8Pj9ZqVQitVrtqejxePxjMpmss5hVTB4buXvMb2DyU2tBTRS+BjvNlVYUpPl7iuVO3Gq1uoQx1FtSOW1gPgp5ZWrdBtNmUDgv5asgxQ8F1af5vhY0YjyjuWC3wTszKJz7GBOkcFlQfW2ONq4FjWi+Hj6DRCKxQOK2TlY4x92EuYd5dvMAbYIzfikau3pu5tJ8KxaLLfo0cyKci7tK4TZjUMcoXAmHwzle0Q/RaC5P1GFMyVx9R9Fo9HYqlTrSgqDvFelAqVQa5hmuMR/WGtjAaBdjwBoDQ0ZsnwVMZjKZ9n0Zem8DSeDPdrnZbL6F2l3NOvUYNZk4oVDoRTabPe4EDNJzB0ZcjAYxeoZ2i3FNxQ7BHYw/cB/fldaH//UETgHHO8S44KbfXgAAAABJRU5ErkJggg==);
}

a[href=''] {
  color: red;
}

a[href='' i] {
  color: red;
}

a[href=\\"\\"] {
  color: blue;
}

a[href=\\"\\" i] {
  color: blue;
}
",
    "",
  ],
]
`;

exports[`loader should work with empty options: warnings 1`] = `Array []`;

exports[`loader should work with none AST metadata: errors 1`] = `Array []`;

exports[`loader should work with none AST metadata: result 1`] = `
Array [
  Array [
    "./simple.css",
    ".some-class {
  color: red;
}
",
    "",
  ],
]
`;

exports[`loader should work with none AST metadata: warnings 1`] = `Array []`;

exports[`loader should work with the "modules.auto" option and the "importLoaders" option: errors 1`] = `Array []`;

exports[`loader should work with the "modules.auto" option and the "importLoaders" option: result 1`] = `
"/* Pure CSS */
.imported-by-pure {
  overflow-x: hidden;
  overflow-y: auto;
  overflow: hidden auto;
}
.pure {
  color: red;
}

/* PostCSS */
.imported-by-postcss {
  overflow-x: hidden;
  overflow-y: auto;
  overflow: hidden auto;
}
.postcss {
  color: rgba(0, 0, 255, 0.9)
}

.postcss:hover {
    color: #639;
  }

/* SCSS */
.imported-by-scss {
  overflow-x: hidden;
  overflow-y: auto;
  overflow: hidden auto;
}
.scss {
  font: 100% Helvetica, sans-serif;
  color: #333;
}
/* CSS modules */
._1IwxFskZk1cbjNkH0QoBiv {
  overflow-x: hidden;
  overflow-y: auto;
  overflow: hidden auto;
  color: red;
}

.global {
  color: blue;
}

/* CSS modules + SCSS */
.imported-by-module-scss {
  overflow-x: hidden;
  overflow-y: auto;
  overflow: hidden auto;
}
._2on1B_I_5ZLmD6I3yY37jX {
  color: #333;
  overflow-x: hidden;
  overflow-y: auto;
  overflow: hidden auto;
}

.global {
  color: #333;
}
"
`;

exports[`loader should work with the "modules.auto" option and the "importLoaders" option: warnings 1`] = `Array []`;

exports[`loader should work: errors 1`] = `Array []`;

exports[`loader should work: module 1`] = `
"// Imports
import ___CSS_LOADER_API_IMPORT___ from \\"../../src/runtime/api.js\\";
import ___CSS_LOADER_AT_RULE_IMPORT_0___ from \\"-!../../src/index.js??[ident]!./imported.css\\";
import ___CSS_LOADER_GET_URL_IMPORT___ from \\"../../src/runtime/getUrl.js\\";
import ___CSS_LOADER_URL_IMPORT_0___ from \\"./url/img.png\\";
var ___CSS_LOADER_EXPORT___ = ___CSS_LOADER_API_IMPORT___(false);
___CSS_LOADER_EXPORT___.i(___CSS_LOADER_AT_RULE_IMPORT_0___);
var ___CSS_LOADER_URL_REPLACEMENT_0___ = ___CSS_LOADER_GET_URL_IMPORT___(___CSS_LOADER_URL_IMPORT_0___);
// Module
___CSS_LOADER_EXPORT___.push([module.id, \\"@charset \\\\\\"UTF-8\\\\\\";\\\\n\\\\n/* Comment */\\\\n\\\\n.class {\\\\n  color: red;\\\\n  background: url(\\" + ___CSS_LOADER_URL_REPLACEMENT_0___ + \\");\\\\n}\\\\n\\\\n.class-duplicate-url {\\\\n  background: url(\\" + ___CSS_LOADER_URL_REPLACEMENT_0___ + \\");\\\\n}\\\\n\\\\n:root {\\\\n  --foo: 1px;\\\\n  --bar: 2px;\\\\n}\\\\n\\\\n.class { a: b c d; }\\\\n\\\\n.two {}\\\\n\\\\n.u-m\\\\\\\\+ { a: b c d; }\\\\n\\\\n.class { content: \\\\\\"\\\\\\\\F10C\\\\\\" }\\\\n\\\\n@media only screen and (max-width: 600px) {\\\\n  body {\\\\n    background-color: lightblue;\\\\n  }\\\\n}\\\\n\\\\n.class {\\\\n  content: \\\\\\"\\\\\\\\2193\\\\\\";\\\\n  content: \\\\\\"\\\\\\\\2193\\\\\\\\2193\\\\\\";\\\\n  content: \\\\\\"\\\\\\\\2193 \\\\\\\\2193\\\\\\";\\\\n  content: \\\\\\"\\\\\\\\2193\\\\\\\\2193\\\\\\\\2193\\\\\\";\\\\n  content: \\\\\\"\\\\\\\\2193 \\\\\\\\2193 \\\\\\\\2193\\\\\\";\\\\n}\\\\n\\\\n.-top {}\\\\n.\\\\\\\\-top {}\\\\n\\\\n#\\\\\\\\#test {}\\\\n\\\\n.grid {\\\\n  display: flex;\\\\n  flex-wrap: wrap;\\\\n}\\\\n.grid.\\\\\\\\-top {\\\\n  align-items: flex-start;\\\\n}\\\\n.grid.-top {\\\\n  align-items: flex-start;\\\\n}\\\\n.grid.\\\\\\\\-middle {\\\\n  align-items: center;\\\\n}\\\\n.grid.\\\\\\\\-bottom {\\\\n  align-items: flex-end;\\\\n}\\\\n\\\\n.u-m\\\\\\\\00002b {}\\\\n\\\\n.u-m00002b {}\\\\n\\\\n#u-m\\\\\\\\+ {}\\\\n\\\\nbody {\\\\n  font-family: 'å¾®è½¯é›…é»‘'; /* some chinese font name */\\\\n}\\\\n\\\\n.myStyle {\\\\n  content: '\\\\\\\\e901';\\\\n}\\\\n\\\\n.myStyle {\\\\n  content: '\\\\\\\\E901';\\\\n}\\\\n\\\\n.â™« {}\\\\n\\\\n.\\\\\\\\3A \\\\\\\\\`\\\\\\\\( {} /* matches elements with class=\\\\\\":\`(\\\\\\" */\\\\n.\\\\\\\\31 a2b3c {} /* matches elements with class=\\\\\\"1a2b3c\\\\\\" */\\\\n#\\\\\\\\#fake-id {} /* matches the element with id=\\\\\\"#fake-id\\\\\\" */\\\\n#-a-b-c- {} /* matches the element with id=\\\\\\"-a-b-c-\\\\\\" */\\\\n#Â© {} /* matches the element with id=\\\\\\"Â©\\\\\\" */\\\\n\\\\n:root {\\\\n  --title-align: center;\\\\n  --sr-only: {\\\\n    position: absolute;\\\\n    width: 1px;\\\\n    height: 1px;\\\\n    padding: 0;\\\\n    overflow: hidden;\\\\n    clip: rect(0,0,0,0);\\\\n    white-space: nowrap;\\\\n    clip-path: inset(50%);\\\\n    border: 0;\\\\n  };\\\\n}\\\\n\\\\n.test {\\\\n  content: \\\\\\"\\\\\\\\2014\\\\\\\\A0\\\\\\";\\\\n  content: \\\\\\"\\\\\\\\2014 \\\\\\\\A0\\\\\\";\\\\n  content: \\\\\\"\\\\\\\\A0 \\\\\\\\2014\\\\\\";\\\\n  content: \\\\\\"\\\\\\\\A0\\\\\\\\2014\\\\\\";\\\\n  margin-top: 1px\\\\\\\\9;\\\\n  background-color: #000\\\\\\\\9;\\\\n}\\\\n\\\\n.light.on .bulb:before{\\\\n  content: 'ðŸ’¡';\\\\n}\\\\n\\\\n.base64 {\\\\n  background: url(data:img/jpg;base64,iVBORw0KGgoAAAANSUhEUgAAABgAAAAYCAYAAADgdz34AAAAAXNSR0IArs4c6QAAAhxJREFUSA3tk71rU1EYxnMTEoJUkowWwdJ2akEHBfGjCiIF6ZylVUKSm2TqZLGI+A/oIu2UXm8C4lAyF4SWji0tdFLo1Eo7VN0SaBEhH7e/Nz0nPTfGOjiaCyfPc5734zlfCQT6X/8E/vUErL81KBaL9y3LSnued5PcITjUOwR3gsFg2bbtjYt6/NGgXC4P1et1l2aPLmpAbD0SidjpdPqgV15PA9d17zQajU8UxHQRK/4G35Q5pveAK8LlI1ZjPMnlcltnyvnvbwaO41xvtVqy7YHztMACq5xnlb9EY3dRdvcGo1kj5wR+t1AofDG0gM+A875E8DNjRCexsrV8Pj9ZqVQitVrtqejxePxjMpmss5hVTB4buXvMb2DyU2tBTRS+BjvNlVYUpPl7iuVO3Gq1uoQx1FtSOW1gPgp5ZWrdBtNmUDgv5asgxQ8F1af5vhY0YjyjuWC3wTszKJz7GBOkcFlQfW2ONq4FjWi+Hj6DRCKxQOK2TlY4x92EuYd5dvMAbYIzfikau3pu5tJ8KxaLLfo0cyKci7tK4TZjUMcoXAmHwzle0Q/RaC5P1GFMyVx9R9Fo9HYqlTrSgqDvFelAqVQa5hmuMR/WGtjAaBdjwBoDQ0ZsnwVMZjKZ9n0Zem8DSeDPdrnZbL6F2l3NOvUYNZk4oVDoRTabPe4EDNJzB0ZcjAYxeoZ2i3FNxQ7BHYw/cB/fldaH//UETgHHO8S44KbfXgAAAABJRU5ErkJggg==);\\\\n}\\\\n\\\\na[href=''] {\\\\n  color: red;\\\\n}\\\\n\\\\na[href='' i] {\\\\n  color: red;\\\\n}\\\\n\\\\na[href=\\\\\\"\\\\\\"] {\\\\n  color: blue;\\\\n}\\\\n\\\\na[href=\\\\\\"\\\\\\" i] {\\\\n  color: blue;\\\\n}\\\\n\\", \\"\\"]);
// Exports
export default ___CSS_LOADER_EXPORT___;
"
`;

exports[`loader should work: result 1`] = `
Array [
  Array [
    "../../src/index.js?[ident]!./imported.css",
    ".foo {
  color: red;
}
",
    "",
  ],
  Array [
    "./basic.css",
    "@charset \\"UTF-8\\";

/* Comment */

.class {
  color: red;
  background: url(/webpack/public/path/img.png);
}

.class-duplicate-url {
  background: url(/webpack/public/path/img.png);
}

:root {
  --foo: 1px;
  --bar: 2px;
}

.class { a: b c d; }

.two {}

.u-m\\\\+ { a: b c d; }

.class { content: \\"\\\\F10C\\" }

@media only screen and (max-width: 600px) {
  body {
    background-color: lightblue;
  }
}

.class {
  content: \\"\\\\2193\\";
  content: \\"\\\\2193\\\\2193\\";
  content: \\"\\\\2193 \\\\2193\\";
  content: \\"\\\\2193\\\\2193\\\\2193\\";
  content: \\"\\\\2193 \\\\2193 \\\\2193\\";
}

.-top {}
.\\\\-top {}

#\\\\#test {}

.grid {
  display: flex;
  flex-wrap: wrap;
}
.grid.\\\\-top {
  align-items: flex-start;
}
.grid.-top {
  align-items: flex-start;
}
.grid.\\\\-middle {
  align-items: center;
}
.grid.\\\\-bottom {
  align-items: flex-end;
}

.u-m\\\\00002b {}

.u-m00002b {}

#u-m\\\\+ {}

body {
  font-family: 'å¾®è½¯é›…é»‘'; /* some chinese font name */
}

.myStyle {
  content: '\\\\e901';
}

.myStyle {
  content: '\\\\E901';
}

.â™« {}

.\\\\3A \\\\\`\\\\( {} /* matches elements with class=\\":\`(\\" */
.\\\\31 a2b3c {} /* matches elements with class=\\"1a2b3c\\" */
#\\\\#fake-id {} /* matches the element with id=\\"#fake-id\\" */
#-a-b-c- {} /* matches the element with id=\\"-a-b-c-\\" */
#Â© {} /* matches the element with id=\\"Â©\\" */

:root {
  --title-align: center;
  --sr-only: {
    position: absolute;
    width: 1px;
    height: 1px;
    padding: 0;
    overflow: hidden;
    clip: rect(0,0,0,0);
    white-space: nowrap;
    clip-path: inset(50%);
    border: 0;
  };
}

.test {
  content: \\"\\\\2014\\\\A0\\";
  content: \\"\\\\2014 \\\\A0\\";
  content: \\"\\\\A0 \\\\2014\\";
  content: \\"\\\\A0\\\\2014\\";
  margin-top: 1px\\\\9;
  background-color: #000\\\\9;
}

.light.on .bulb:before{
  content: 'ðŸ’¡';
}

.base64 {
  background: url(data:img/jpg;base64,iVBORw0KGgoAAAANSUhEUgAAABgAAAAYCAYAAADgdz34AAAAAXNSR0IArs4c6QAAAhxJREFUSA3tk71rU1EYxnMTEoJUkowWwdJ2akEHBfGjCiIF6ZylVUKSm2TqZLGI+A/oIu2UXm8C4lAyF4SWji0tdFLo1Eo7VN0SaBEhH7e/Nz0nPTfGOjiaCyfPc5734zlfCQT6X/8E/vUErL81KBaL9y3LSnued5PcITjUOwR3gsFg2bbtjYt6/NGgXC4P1et1l2aPLmpAbD0SidjpdPqgV15PA9d17zQajU8UxHQRK/4G35Q5pveAK8LlI1ZjPMnlcltnyvnvbwaO41xvtVqy7YHztMACq5xnlb9EY3dRdvcGo1kj5wR+t1AofDG0gM+A875E8DNjRCexsrV8Pj9ZqVQitVrtqejxePxjMpmss5hVTB4buXvMb2DyU2tBTRS+BjvNlVYUpPl7iuVO3Gq1uoQx1FtSOW1gPgp5ZWrdBtNmUDgv5asgxQ8F1af5vhY0YjyjuWC3wTszKJz7GBOkcFlQfW2ONq4FjWi+Hj6DRCKxQOK2TlY4x92EuYd5dvMAbYIzfikau3pu5tJ8KxaLLfo0cyKci7tK4TZjUMcoXAmHwzle0Q/RaC5P1GFMyVx9R9Fo9HYqlTrSgqDvFelAqVQa5hmuMR/WGtjAaBdjwBoDQ0ZsnwVMZjKZ9n0Zem8DSeDPdrnZbL6F2l3NOvUYNZk4oVDoRTabPe4EDNJzB0ZcjAYxeoZ2i3FNxQ7BHYw/cB/fldaH//UETgHHO8S44KbfXgAAAABJRU5ErkJggg==);
}

a[href=''] {
  color: red;
}

a[href='' i] {
  color: red;
}

a[href=\\"\\"] {
  color: blue;
}

a[href=\\"\\" i] {
  color: blue;
}
",
    "",
  ],
]
`;

exports[`loader should work: warnings 1`] = `Array []`;
